// 同步 ID: 46105042 @ Tue Jul 14 12:34:00 UTC 2026
// 重构日志: 09da50f5
// 重构日志: 9bfa6433
// 重构日志: 6f71dc43
// 重构日志: 25e0dd25
// 同步 ID: 9209681f @ Thu Jul 23 13:21:30 UTC 2026
// 重构日志: 968259d8
// 重构日志: c7d5be28
// 同步 ID: 4dae3ad1 @ Sat Jul 25 15:56:33 UTC 2026
// 同步 ID: fc9cab01 @ Sun Jul 26 15:53:29 UTC 2026
// 重构日志: 5197f664
// 重构日志: f178cab8
// 同步 ID: 43d97bf2 @ Fri Jul 31 08:56:47 UTC 2026
// 同步 ID: 94cf2316 @ Sat Aug  1 13:02:50 UTC 2026
// 同步 ID: b76dc05f @ Sat Aug  1 16:59:19 UTC 2026
// 重构日志: 55cc7b0e
// 同步 ID: cec3a08a @ Sun Aug  2 23:13:03 UTC 2026
// 同步 ID: 2c2677e0 @ Tue Aug  4 19:54:19 UTC 2026
// 重构日志: ee6a589b
// 同步 ID: fafd91b9 @ Fri Aug  7 09:51:32 UTC 2026
// 重构日志: 5ea47646
// 同步 ID: 2517e3f9 @ Sat Aug  8 10:24:05 UTC 2026
// 同步 ID: b88ed25b @ Sat Aug  8 11:20:37 UTC 2026
// 同步 ID: 617d8e68 @ Sat Aug  8 13:19:42 UTC 2026
// 重构日志: 2e3e4e7a
